Microchip MPLAB XC8 Compiler V3.10

Linker command line:

-W-3 \
  --edf=C:\Program Files\Microchip\xc8\v3.10\pic\dat\20250813170317_en.msgs \
  -cn -h+dist/default/production\microoven.X.production.sym \
  --cmf=dist/default/production\microoven.X.production.cmf -z -Q16F877A \
  -oC:\Users\dhanu\AppData\Local\Temp\xcAsdzs.0\driver_tmp_3.o \
  --defsym=__MPLAB_BUILD=1 --fixupoverflow=error \
  -Mdist/default/production/microoven.X.production.map \
  --md=C:\Users\dhanu\AppData\Local\Temp\xcAsdzs.0\driver_tmp_0.dat -E1 \
  -ver=XC8 Compiler -ACODE=00h-07FFhx4 -ASTRCODE=00h-01FFFh \
  -ASTRING=00h-0FFhx32 -ACONST=00h-0FFhx32 -AENTRY=00h-0FFhx32 \
  -ACOMMON=070h-07Fh -ABANK0=020h-06Fh -ABANK1=0A0h-0EFh \
  -ABANK2=0110h-016Fh -ABANK3=0190h-01EFh \
  -ARAM=020h-06Fh,0A0h-0EFh,0110h-016Fh,0190h-01EFh \
  -AABS1=020h-07Fh,0A0h-0EFh,0110h-016Fh,0190h-01EFh -ASFR0=00h-01Fh \
  -ASFR1=080h-09Fh -ASFR2=0100h-010Fh -ASFR3=0180h-018Fh \
  -ACONFIG=02007h-02007h -DCONFIG=2 -AIDLOC=02000h-02003h -DIDLOC=2 \
  -AEEDATA=00h-0FFh/02100h -peeprom_data=EEDATA -DEEDATA=2 -DCODE=2 \
  -DSTRCODE=2 -DSTRING=2 -DCONST=2 -DENTRY=2 \
  -preset_vec=00h,intentry=04h,sivt,init,end_init -ppowerup=CODE \
  -pcinit=CODE -pfunctab=ENTRY -k \
  C:\Users\dhanu\AppData\Local\Temp\xcAsdzs.0\driver_tmp_12.o \
  dist/default/production\microoven.X.production.o 

Object code version is 3.11

Machine type is 16F877A



                Name                               Link     Load   Length Selector   Space Scale
C:\Users\dhanu\AppData\Local\Temp\xcAsdzs.0\driver_tmp_12.o
                end_init                              C        C        3        8       0
                reset_vec                             0        0        3        0       0
                config                             2007     2007        1        0       4
dist/default/production\microoven.X.production.o
                cinit                                 F        F       1E        8       0
                intentry                              4        4        8        8       0
                config                             2007     2007        1        0       4
                text24                              F20      F20       3B     1E40       0
                text23                              EB0      EB0       36     1D60       0
                text22                              E41      E41       25     1C82       0
                text21                              E66      E66       25     1CCC       0
                text20                              E09      E09       15     1C12       0
                text19                              77C      77C       6A      BC8       0
                text18                              43D      43D       65        8       0
                text17                              4A2      4A2       59        8       0
                text16                              DE5      DE5       11     1BCA       0
                text15                              5E4      5E4       DD      BC8       0
                text14                              DC0      DC0        A     1B80       0
                text13                              F9D      F9D       63     1F3A       0
                text12                              DCA      DCA        B     1B94       0
                text11                              DD5      DD5       10     1BAA       0
                text10                              DB7      DB7        9     1B6E       0
                text9                               7E6      7E6       15      BC8       0
                text8                               6C1      6C1       BB      BC8       0
                text7                               E1E      E1E       23     1C3C       0
                text6                               F5B      F5B       42     1EB6       0
                text5                               EE6      EE6       3A     1DCC       0
                text4                               E8B      E8B       25     1D16       0
                text3                                2D       2D      1BC        8       0
                text2                               DF6      DF6       13     1BEC       0
                text1                               1E9      1E9      149        8       0
                maintext                            332      332      10B        8       0
                cstackBANK0                          20       20       14       20       1
                cstackCOMMON                         70       70        9       70       1
                dataBANK0                            40       40        1       20       1
                bssBANK0                             34       34        C       20       1
                dataCOMMON                           7B       7B        1       70       1
                bssCOMMON                            79       79        2       70       1
                strings                             500      500       E4      A00       0
                idataBANK0                          7FC      7FC        1      BC8       0
                idataCOMMON                         7FB      7FB        1      BC8       0

TOTAL           Name                               Link     Load   Length     Space
        CLASS   CODE           
                end_init                              C        C        3         0
                cinit                                 F        F       1E         0
                intentry                              4        4        8         0
                reset_vec                             0        0        3         0
                text24                              F20      F20       3B         0
                text23                              EB0      EB0       36         0
                text22                              E41      E41       25         0
                text21                              E66      E66       25         0
                text20                              E09      E09       15         0
                text19                              77C      77C       6A         0
                text18                              43D      43D       65         0
                text17                              4A2      4A2       59         0
                text16                              DE5      DE5       11         0
                text15                              5E4      5E4       DD         0
                text14                              DC0      DC0        A         0
                text13                              F9D      F9D       63         0
                text12                              DCA      DCA        B         0
                text11                              DD5      DD5       10         0
                text10                              DB7      DB7        9         0
                text9                               7E6      7E6       15         0
                text8                               6C1      6C1       BB         0
                text7                               E1E      E1E       23         0
                text6                               F5B      F5B       42         0
                text5                               EE6      EE6       3A         0
                text4                               E8B      E8B       25         0
                text3                                2D       2D      1BC         0
                text2                               DF6      DF6       13         0
                text1                               1E9      1E9      149         0
                maintext                            332      332      10B         0
                idataBANK0                          7FC      7FC        1         0
                idataCOMMON                         7FB      7FB        1         0

        CLASS   STRCODE        

        CLASS   STRING         
                strings                             500      500       E4         0

        CLASS   CONST          

        CLASS   ENTRY          

        CLASS   COMMON         
                cstackCOMMON                         70       70        9         1
                dataCOMMON                           7B       7B        1         1
                bssCOMMON                            79       79        2         1

        CLASS   BANK0          
                cstackBANK0                          20       20       14         1
                dataBANK0                            40       40        1         1
                bssBANK0                             34       34        C         1

        CLASS   BANK1          

        CLASS   BANK2          

        CLASS   BANK3          

        CLASS   RAM            

        CLASS   ABS1           
                abs_s1                               7E       7E        2         1

        CLASS   SFR0           

        CLASS   SFR1           

        CLASS   SFR2           

        CLASS   SFR3           

        CLASS   CONFIG         
                config                             2007     2007        1         4

        CLASS   IDLOC          

        CLASS   EEDATA         

        CLASS   HEAP           

        CLASS   STACK          



SEGMENTS        Name                           Load    Length   Top    Selector   Space  Class     Delta

                reset_vec                      000000  000003  000003         0       0  CODE        2
                intentry                       000004  0004F7  0004FB         8       0  CODE        2
                cstackBANK0                    000020  000021  000041        20       1  BANK0       1
                cstackCOMMON                   000070  00000C  00007C        70       1  COMMON      1
                strings                        000500  0000E4  0005E4       A00       0  STRING      2
                text15                         0005E4  000219  0007FD       BC8       0  CODE        2
                text10                         000DB7  000009  000DC0      1B6E       0  CODE        2
                text14                         000DC0  00000A  000DCA      1B80       0  CODE        2
                text12                         000DCA  00000B  000DD5      1B94       0  CODE        2
                text11                         000DD5  000010  000DE5      1BAA       0  CODE        2
                text16                         000DE5  000011  000DF6      1BCA       0  CODE        2
                text2                          000DF6  000013  000E09      1BEC       0  CODE        2
                text20                         000E09  000015  000E1E      1C12       0  CODE        2
                text7                          000E1E  000023  000E41      1C3C       0  CODE        2
                text22                         000E41  000025  000E66      1C82       0  CODE        2
                text21                         000E66  000025  000E8B      1CCC       0  CODE        2
                text4                          000E8B  000025  000EB0      1D16       0  CODE        2
                text23                         000EB0  000036  000EE6      1D60       0  CODE        2
                text5                          000EE6  00003A  000F20      1DCC       0  CODE        2
                text24                         000F20  00003B  000F5B      1E40       0  CODE        2
                text6                          000F5B  000042  000F9D      1EB6       0  CODE        2
                text13                         000F9D  000063  001000      1F3A       0  CODE        2


UNUSED ADDRESS RANGES

        Name                Unused          Largest block    Delta
        BANK0            0041-006F             2F           1
        BANK1            00A0-00EF             50           1
        BANK2            0110-016F             60           1
        BANK3            0190-01EF             60           1
        CODE             0003-0003              1           2
                         04FB-04FF              5
                         07FD-0DB6              3
                         1000-1FFF            800
        COMMON           007C-007D              2           1
        CONST            0003-0003              1           2
                         04FB-04FF              5
                         07FD-0DB6            100
                         1000-1FFF            100
        EEDATA           2100-21FF            100           2
        ENTRY            0003-0003              1           2
                         04FB-04FF              5
                         07FD-0DB6            100
                         1000-1FFF            100
        IDLOC            2000-2003              4           2
        RAM              0041-006F             2F           1
                         00A0-00EF             50
                         0110-016F             60
                         0190-01EF             60
        SFR0             0000-001F             20           1
        SFR1             0080-009F             20           1
        SFR2             0100-010F             10           1
        SFR3             0180-018F             10           1
        STRCODE          0003-0003              1           2
                         04FB-04FF              5
                         07FD-0DB6            5BA
                         1000-1FFF           1000
        STRING           0003-0003              1           2
                         04FB-04FF              5
                         07FD-0DB6            100
                         1000-1FFF            100

                                  Symbol Table

?___awdiv                        cstackCOMMON 0072
?___awmod                        cstackBANK0  0024
?___lwdiv                        cstackCOMMON 0072
?___lwmod                        cstackBANK0  0020
?___wmul                         cstackCOMMON 0072
_GIE                             (abs)        005F
_PEIE                            (abs)        005E
_PORTD                           (abs)        0008
_PR2                             (abs)        0092
_RB0                             (abs)        0030
_RB1                             (abs)        0031
_RB2                             (abs)        0032
_RC2                             (abs)        003A
_RD0                             (abs)        0040
_RD1                             (abs)        0041
_RD2                             (abs)        0042
_RD3                             (abs)        0043
_RE1                             (abs)        0049
_RE2                             (abs)        004A
_TMR2IE                          (abs)        0461
_TMR2IF                          (abs)        0061
_TMR2ON                          (abs)        0092
_TRISB                           (abs)        0086
_TRISC2                          (abs)        043A
_TRISD                           (abs)        0088
_TRISE1                          (abs)        0449
_TRISE2                          (abs)        044A
__H__absolute__                  __absolute__ 0000
__Habs1                          abs1         0000
__Hbank0                         bank0        0000
__Hbank1                         bank1        0000
__Hbank2                         bank2        0000
__Hbank3                         bank3        0000
__HbssBANK0                      bssBANK0     0000
__HbssCOMMON                     bssCOMMON    0000
__Hcinit                         cinit        002D
__Hclrtext                       clrtext      0000
__Hcode                          code         0000
__Hcommon                        common       0000
__Hconfig                        config       2008
__HcstackBANK0                   cstackBANK0  0000
__HcstackCOMMON                  cstackCOMMON 0000
__HdataBANK0                     dataBANK0    0000
__HdataCOMMON                    dataCOMMON   0000
__Heeprom_data                   eeprom_data  0000
__Hend_init                      end_init     000F
__Hfunctab                       functab      0000
__Hheap                          heap         0000
__HidataBANK0                    idataBANK0   0000
__HidataCOMMON                   idataCOMMON  0000
__Hinit                          init         000C
__Hintentry                      intentry     000C
__Hmaintext                      maintext     0000
__Hpowerup                       powerup      0000
__Hram                           ram          0000
__Hreset_vec                     reset_vec    0003
__Hsfr0                          sfr0         0000
__Hsfr1                          sfr1         0000
__Hsfr2                          sfr2         0000
__Hsfr3                          sfr3         0000
__Hsivt                          sivt         000C
__Hspace_0                       (abs)        1000
__Hspace_1                       (abs)        007C
__Hspace_2                       (abs)        0000
__Hspace_3                       (abs)        0000
__Hspace_4                       (abs)        400F
__Hstack                         stack        0000
__Hstrings                       strings      0000
__Htext                          text         0000
__L__absolute__                  __absolute__ 0000
__Labs1                          abs1         0000
__Lbank0                         bank0        0000
__Lbank1                         bank1        0000
__Lbank2                         bank2        0000
__Lbank3                         bank3        0000
__LbssBANK0                      bssBANK0     0000
__LbssCOMMON                     bssCOMMON    0000
__Lcinit                         cinit        000F
__Lclrtext                       clrtext      0000
__Lcode                          code         0000
__Lcommon                        common       0000
__Lconfig                        config       0000
__LcstackBANK0                   cstackBANK0  0000
__LcstackCOMMON                  cstackCOMMON 0000
__LdataBANK0                     dataBANK0    0000
__LdataCOMMON                    dataCOMMON   0000
__Leeprom_data                   eeprom_data  0000
__Lend_init                      end_init     000C
__Lfunctab                       functab      0000
__Lheap                          heap         0000
__LidataBANK0                    idataBANK0   0000
__LidataCOMMON                   idataCOMMON  0000
__Linit                          init         000C
__Lintentry                      intentry     0004
__Lmaintext                      maintext     0000
__Lpowerup                       powerup      0000
__Lram                           ram          0000
__Lreset_vec                     reset_vec    0000
__Lsfr0                          sfr0         0000
__Lsfr1                          sfr1         0000
__Lsfr2                          sfr2         0000
__Lsfr3                          sfr3         0000
__Lsivt                          sivt         000C
__Lspace_0                       (abs)        0000
__Lspace_1                       (abs)        0000
__Lspace_2                       (abs)        0000
__Lspace_3                       (abs)        0000
__Lspace_4                       (abs)        0000
__Lstack                         stack        0000
__Lstrings                       strings      0000
__Ltext                          text         0000
__S0                             (abs)        1000
__S1                             (abs)        007C
__S3                             (abs)        0000
___awdiv                         text18       043D
___awdiv@counter                 cstackBANK0  0020
___awdiv@dividend                cstackCOMMON 0074
___awdiv@divisor                 cstackCOMMON 0072
___awdiv@quotient                cstackBANK0  0022
___awdiv@sign                    cstackBANK0  0021
___awmod                         text17       04A2
___awmod@counter                 cstackCOMMON 0076
___awmod@dividend                cstackBANK0  0026
___awmod@divisor                 cstackBANK0  0024
___awmod@sign                    cstackCOMMON 0077
___bmul                          text2        0DF6
___bmul@multiplicand             cstackCOMMON 0072
___bmul@multiplier               cstackCOMMON 0074
___bmul@product                  cstackCOMMON 0073
___heap_hi                       (abs)        0000
___heap_lo                       (abs)        0000
___int_sp                        stack        0000
___int_stack_hi                  stack        0000
___int_stack_lo                  stack        0000
___latbits                       (abs)        0002
___lwdiv                         text6        0F5B
___lwdiv@counter                 cstackCOMMON 0078
___lwdiv@dividend                cstackCOMMON 0074
___lwdiv@divisor                 cstackCOMMON 0072
___lwdiv@quotient                cstackCOMMON 0076
___lwmod                         text5        0EE6
___lwmod@counter                 cstackBANK0  0024
___lwmod@dividend                cstackBANK0  0022
___lwmod@divisor                 cstackBANK0  0020
___sp                            stack        0000
___stack_hi                      stack        0000
___stack_lo                      stack        0000
___stackhi                       (abs)        0000
___stacklo                       (abs)        0000
___wmul                          text4        0E8B
___wmul@multiplicand             cstackCOMMON 0074
___wmul@multiplier               cstackCOMMON 0072
___wmul@product                  cstackCOMMON 0076
__end_of___awdiv                 text18       04A2
__end_of___awmod                 text17       04FB
__end_of___bmul                  text2        0E09
__end_of___lwdiv                 text6        0F9D
__end_of___lwmod                 text5        0F20
__end_of___wmul                  text4        0EB0
__end_of__initialization         cinit        0029
__end_of__stringtab              strings      0506
__end_of_clcd_print              text22       0E66
__end_of_clcd_putch              text20       0E1E
__end_of_clcd_write              text23       0EE6
__end_of_clear_screen            text16       0DF6
__end_of_display_modes           text21       0E8B
__end_of_display_power_screen    text19       07E6
__end_of_display_time            text15       06C1
__end_of_heat_food               text14       0DCA
__end_of_init_clcd               text12       0DD5
__end_of_init_config             text9        07FB
__end_of_init_display_controller text13       1000
__end_of_init_matrix_keypad      text11       0DE5
__end_of_init_timer2             text10       0DC0
__end_of_isr                     text24       0F5B
__end_of_main                    maintext     043D
__end_of_read_matrix_keypad      text7        0E41
__end_of_scan_keypad             text8        077C
__end_of_set_temp                text3        01E9
__end_of_set_time                text1        0332
__initialization                 cinit        000F
__pbssBANK0                      bssBANK0     0034
__pbssCOMMON                     bssCOMMON    0079
__pcstackBANK0                   cstackBANK0  0020
__pcstackCOMMON                  cstackCOMMON 0070
__pdataBANK0                     dataBANK0    0040
__pdataCOMMON                    dataCOMMON   007B
__pidataBANK0                    idataBANK0   07FC
__pidataCOMMON                   idataCOMMON  07FB
__pintentry                      intentry     0004
__pmaintext                      maintext     0332
__pstrings                       strings      0500
__ptext1                         text1        01E9
__ptext10                        text10       0DB7
__ptext11                        text11       0DD5
__ptext12                        text12       0DCA
__ptext13                        text13       0F9D
__ptext14                        text14       0DC0
__ptext15                        text15       05E4
__ptext16                        text16       0DE5
__ptext17                        text17       04A2
__ptext18                        text18       043D
__ptext19                        text19       077C
__ptext2                         text2        0DF6
__ptext20                        text20       0E09
__ptext21                        text21       0E66
__ptext22                        text22       0E41
__ptext23                        text23       0EB0
__ptext24                        text24       0F20
__ptext3                         text3        002D
__ptext4                         text4        0E8B
__ptext5                         text5        0EE6
__ptext6                         text6        0F5B
__ptext7                         text7        0E1E
__ptext8                         text8        06C1
__ptext9                         text9        07E6
__stringbase                     strings      0505
__stringtab                      strings      0500
_clcd_print                      text22       0E41
_clcd_putch                      text20       0E09
_clcd_write                      text23       0EB0
_clear_screen                    text16       0DE5
_display_modes                   text21       0E66
_display_power_screen            text19       077C
_display_time                    text15       05E4
_heat_food                       text14       0DC0
_init_clcd                       text12       0DCA
_init_config                     text9        07E6
_init_display_controller         text13       0F9D
_init_matrix_keypad              text11       0DD5
_init_timer2                     text10       0DB7
_isr                             text24       0F20
_main                            maintext     0332
_min                             bssBANK0     003E
_nRBPU                           (abs)        040F
_preheat                         bssBANK0     003D
_read_matrix_keypad              text7        0E1E
_scan_keypad                     text8        06C1
_screen_flag                     dataBANK0    0040
_sec                             bssBANK0     003F
_set_temp                        text3        002D
_set_time                        text1        01E9
_temp                            bssBANK0     0034
btemp                            (abs)        007E
btemp0                           (abs)        007E
btemp1                           (abs)        007F
clcd_print@addr                  cstackCOMMON 0077
clcd_print@str                   cstackCOMMON 0076
clcd_putch@addr                  cstackBANK0  0028
clcd_putch@data                  cstackBANK0  0029
clcd_write@byte                  cstackCOMMON 0075
clcd_write@mode                  cstackCOMMON 0072
display_power_screen@i           cstackBANK0  002D
display_power_screen@i_154       cstackBANK0  002E
end_of_initialization            cinit        0029
interrupt_function               intentry     0004
intlevel0                        functab      0000
intlevel1                        functab      0000
intlevel2                        functab      0000
intlevel3                        functab      0000
intlevel4                        functab      0000
intlevel5                        functab      0000
isr@count                        bssCOMMON    0079
ltemp0a                          (abs)        0080
main@key                         cstackBANK0  0033
main@reset_flag                  cstackBANK0  0032
read_matrix_keypad@key           cstackCOMMON 0075
read_matrix_keypad@mode          cstackCOMMON 0074
read_matrix_keypad@once          dataCOMMON   007B
reset_vec                        reset_vec    0000
saved_w                          (abs)        007E
scan_keypad@i                    cstackCOMMON 0072
set_temp@delay                   bssBANK0     0038
set_temp@display_blank           bssBANK0     0037
set_temp@key                     cstackBANK0  002D
set_temp@key_count               bssBANK0     0036
set_temp@reset_flag              cstackBANK0  002A
set_time@blink_pos               bssBANK0     003C
set_time@delay                   bssBANK0     003B
set_time@display_blank           bssBANK0     003A
set_time@key                     cstackBANK0  002D
set_time@key_count               bssBANK0     0039
set_time@reset_flag              cstackBANK0  002A
start                            init         000C
start_initialization             cinit        000F
ttemp0a                          (abs)        007F
wtemp0                           (abs)        007E
wtemp0a                          (abs)        007F


MODULE INFORMATION

Module		Function		Class		Link	Load	Size
timers.c
		_init_timer2   		CODE           	0DB7	0000	9

timers.c estimated size: 9

C:\Program Files\Microchip\xc8\v3.10\pic\sources\c99\common\lwmod.c
		___lwmod       		CODE           	0EE6	0000	58

C:\Program Files\Microchip\xc8\v3.10\pic\sources\c99\common\lwmod.c estimated size: 58

C:\Program Files\Microchip\xc8\v3.10\pic\sources\c99\common\awmod.c
		___awmod       		CODE           	04A2	0000	89

C:\Program Files\Microchip\xc8\v3.10\pic\sources\c99\common\awmod.c estimated size: 89

matrix_keypad.c
		_init_matrix_keypad		CODE           	0DD5	0000	16
		_read_matrix_keypad		CODE           	0E1E	0000	35
		_scan_keypad   		CODE           	06C1	0000	187

matrix_keypad.c estimated size: 238

micro.c
		_display_time  		CODE           	05E4	0000	221
		_heat_food     		CODE           	0DC0	0000	10
		_display_modes 		CODE           	0E66	0000	37
		_set_temp      		CODE           	002D	0000	444
		_display_power_screen		CODE           	077C	0000	106
		_set_time      		CODE           	01E9	0000	329

micro.c estimated size: 1147

C:\Program Files\Microchip\xc8\v3.10\pic\sources\c99\common\lwdiv.c
		___lwdiv       		CODE           	0F5B	0000	66

C:\Program Files\Microchip\xc8\v3.10\pic\sources\c99\common\lwdiv.c estimated size: 66

C:\Program Files\Microchip\xc8\v3.10\pic\sources\c99\common\awdiv.c
		___awdiv       		CODE           	043D	0000	101

C:\Program Files\Microchip\xc8\v3.10\pic\sources\c99\common\awdiv.c estimated size: 101

C:\Program Files\Microchip\xc8\v3.10\pic\sources\c99\common\Umul8.c
		___bmul        		CODE           	0DF6	0000	19

C:\Program Files\Microchip\xc8\v3.10\pic\sources\c99\common\Umul8.c estimated size: 19

isr.c
		_isr           		CODE           	0F20	0000	59

isr.c estimated size: 59

shared
		__stringtab    		STRING         	0500	0000	6
		__initialization		CODE           	000F	0000	26

shared estimated size: 32

clcd.c
		_clcd_write    		CODE           	0EB0	0000	54
		_clear_screen  		CODE           	0DE5	0000	17
		_clcd_print    		CODE           	0E41	0000	37
		_clcd_putch    		CODE           	0E09	0000	21
		_init_display_controller		CODE           	0F9D	0000	99
		_init_clcd     		CODE           	0DCA	0000	11

clcd.c estimated size: 239

main.c
		_main          		CODE           	0332	0000	267
		_init_config   		CODE           	07E6	0000	21

main.c estimated size: 288

C:\Program Files\Microchip\xc8\v3.10\pic\sources\c99\common\Umul16.c
		___wmul        		CODE           	0E8B	0000	37

C:\Program Files\Microchip\xc8\v3.10\pic\sources\c99\common\Umul16.c estimated size: 37

